<html>
<body>
<pre>
<h1>µVision Build Log</h1>
<h2>Tool Versions:</h2>
IDE-Version: µVision V5.31.0.0
Copyright (C) 2020 ARM Ltd and ARM Germany GmbH. All rights reserved.
License Information: Yury Sayapin, KPI, LIC=PE7DL-0R3AW-Y86FK-ZQ7RI-6FJ8R-KFIXZ
 
Tool Versions:
Toolchain:       MDK-ARM Plus  Version: 5.31.0.0
Toolchain Path:  D:\Keil_v5\ARM\ARMCLANG\Bin
C Compiler:      ArmClang.exe V6.14
Assembler:       Armasm.exe V6.14
Linker/Locator:  ArmLink.exe V6.14
Library Manager: ArmAr.exe V6.14
Hex Converter:   FromElf.exe V6.14
CPU DLL:         SARMCM3.DLL V5.31.0.0
Dialog DLL:      DCM.DLL V1.17.3.0
Target DLL:      STLink\ST-LINKIII-KEIL_SWO.dll V3.0.7.0
Dialog DLL:      TCM.DLL V1.46.0.0
 
<h2>Project:</h2>
D:\ARM_projects\Keil\Task3_PWM\Test_tasks\Task_RTC\RTC.uvprojx
Project File Date:  02/04/2021

<h2>Output:</h2>
*** Using Compiler 'V6.14', folder: 'D:\Keil_v5\ARM\ARMCLANG\Bin'
Build target 'Target 1'
main.c(27): warning: passing 'const char *' to parameter of type 'uint8_t *' (aka 'unsigned char *') discards qualifiers [-Wincompatible-pointer-types-discards-qualifiers]
        UART_TX_str(message_help, 0xff);
                    ^~~~~~~~~~~~
main.c(11): note: passing argument to parameter here
void UART_TX_str(uint8_t *, size_t);
                          ^
main.c(84): warning: implicit conversion loses integer precision: 'volatile uint32_t' (aka 'volatile unsigned int') to 'uint8_t' (aka 'unsigned char') [-Wimplicit-int-conversion]
                c = USART2->DR;
                  ~ ~~~~~~~~^~
main.c(115): warning: passing 'const char *' to parameter of type 'uint8_t *' (aka 'unsigned char *') discards qualifiers [-Wincompatible-pointer-types-discards-qualifiers]
        UART_TX_str(message_cmd, 0xff);
                    ^~~~~~~~~~~
main.c(102): note: passing argument to parameter 'data' here
void UART_TX_str(uint8_t *data, size_t num) {
                          ^
main.c(117): warning: passing 'const char *' to parameter of type 'uint8_t *' (aka 'unsigned char *') discards qualifiers [-Wincompatible-pointer-types-discards-qualifiers]
        UART_TX_str(message_ACK, 0xff);
                    ^~~~~~~~~~~
main.c(102): note: passing argument to parameter 'data' here
void UART_TX_str(uint8_t *data, size_t num) {
                          ^
main.c(120): warning: passing 'const char *' to parameter of type 'uint8_t *' (aka 'unsigned char *') discards qualifiers [-Wincompatible-pointer-types-discards-qualifiers]
                        UART_TX_str(message_help, 0xff);
                                    ^~~~~~~~~~~~
main.c(102): note: passing argument to parameter 'data' here
void UART_TX_str(uint8_t *data, size_t num) {
                          ^
main.c(122): warning: passing 'const char *' to parameter of type 'uint8_t *' (aka 'unsigned char *') discards qualifiers [-Wincompatible-pointer-types-discards-qualifiers]
                        UART_TX_str(message_err, 0xff);
                                    ^~~~~~~~~~~
main.c(102): note: passing argument to parameter 'data' here
void UART_TX_str(uint8_t *data, size_t num) {
                          ^
main.c(125): warning: passing 'const char *' to parameter of type 'uint8_t *' (aka 'unsigned char *') discards qualifiers [-Wincompatible-pointer-types-discards-qualifiers]
                UART_TX_str(message_err, 0xff);
                            ^~~~~~~~~~~
main.c(102): note: passing argument to parameter 'data' here
void UART_TX_str(uint8_t *data, size_t num) {
                          ^
main.c(136): warning: passing 'const char *' to parameter of type 'uint8_t *' (aka 'unsigned char *') discards qualifiers [-Wincompatible-pointer-types-discards-qualifiers]
                                UART_TX_str(message_err, 0xff);
                                            ^~~~~~~~~~~
main.c(102): note: passing argument to parameter 'data' here
void UART_TX_str(uint8_t *data, size_t num) {
                          ^
main.c(140): warning: no newline at end of file [-Wnewline-eof]
}
 ^
9 warnings generated.
compiling main.c...
linking...
Program Size: Code=1056 RO-data=572 RW-data=0 ZI-data=1672  
".\Objects\RTC.axf" - 0 Error(s), 9 Warning(s).

<h2>Software Packages used:</h2>

Package Vendor: ARM
                http://www.keil.com/pack/ARM.CMSIS.5.7.0.pack
                ARM.CMSIS.5.7.0
                CMSIS (Cortex Microcontroller Software Interface Standard)
   * Component: CORE Version: 5.4.0

Package Vendor: Keil
                http://www.keil.com/pack/Keil.STM32F4xx_DFP.2.14.0.pack
                Keil.STM32F4xx_DFP.2.14.0
                STMicroelectronics STM32F4 Series Device Support, Drivers and Examples
   * Component: Startup Version: 2.6.3

<h2>Collection of Component include folders:</h2>
  .\RTE\_Target_1
  D:\Arm\Packs\ARM\CMSIS\5.7.0\CMSIS\Core\Include
  D:\Arm\Packs\Keil\STM32F4xx_DFP\2.14.0\Drivers\CMSIS\Device\ST\STM32F4xx\Include

<h2>Collection of Component Files used:</h2>

   * Component: ARM::CMSIS:CORE:5.4.0

   * Component: Keil::Device:Startup:2.6.3
      Include file:  Drivers\CMSIS\Device\ST\STM32F4xx\Include\stm32f4xx.h
      Source file:   MDK\Device\Source\ARM\STM32F411xx_OPT.s
      Source file:   MDK\Device\Source\ARM\STM32F4xx_OTP.s
      Source file:   Drivers\CMSIS\Device\ST\STM32F4xx\Source\Templates\arm\startup_stm32f411xe.s
      Source file:   Drivers\CMSIS\Device\ST\STM32F4xx\Source\Templates\system_stm32f4xx.c
Build Time Elapsed:  00:00:01
</pre>
</body>
</html>
